<testsuites id="" name="" tests="10" failures="0" skipped="0" errors="0" time="18.108357">
<testsuite name="cart.spec.ts" timestamp="2026-02-25T07:27:48.234Z" hostname="chromium" tests="3" failures="0" skipped="0" time="28.063" errors="0">
<testcase name="Verify user can add products to cart › Verify user can add products to cart" classname="cart.spec.ts" time="7.256">
</testcase>
<testcase name="Verify user can remove products from the cart › Verify user can remove products from the cart" classname="cart.spec.ts" time="13.053">
</testcase>
<testcase name="Review order details in checkout page › Review order details in checkout page" classname="cart.spec.ts" time="7.754">
</testcase>
</testsuite>
<testsuite name="feedback.spec.ts" timestamp="2026-02-25T07:27:48.234Z" hostname="chromium" tests="2" failures="0" skipped="0" time="11.339" errors="0">
<testcase name="Check user can send feedback › Check user can send feedback" classname="feedback.spec.ts" time="6.443">
</testcase>
<testcase name="Check user can send feedback › Check user can send feedback from contact us page" classname="feedback.spec.ts" time="4.896">
</testcase>
</testsuite>
<testsuite name="login.spec.ts" timestamp="2026-02-25T07:27:48.234Z" hostname="chromium" tests="2" failures="0" skipped="0" time="11.804" errors="0">
<testcase name="Login and registration tests › Verify user can login successfully" classname="login.spec.ts" time="5.455">
</testcase>
<testcase name="Login and registration tests › Verify user can register successfully" classname="login.spec.ts" time="6.349">
</testcase>
</testsuite>
<testsuite name="payment.spec.ts" timestamp="2026-02-25T07:27:48.234Z" hostname="chromium" tests="1" failures="0" skipped="0" time="6.831" errors="0">
<testcase name="Payment › Check payment flow" classname="payment.spec.ts" time="6.831">
</testcase>
</testsuite>
<testsuite name="products.spec.ts" timestamp="2026-02-25T07:27:48.234Z" hostname="chromium" tests="2" failures="0" skipped="0" time="5.625" errors="0">
<testcase name="Browse products › Verify user can browse products" classname="products.spec.ts" time="2.509">
</testcase>
<testcase name="Search products › Verify user can search specific product" classname="products.spec.ts" time="3.116">
</testcase>
</testsuite>
</testsuites>